Hi, let's play the animal game. You can quit at any time by typing "Quit."

Think of an animal.
Is your animal a cat? Ha! I win! Let's play again
Think of an animal.
Is your animal a cat? Ok. Bye!
