Hi, let's play the animal game. You can quit at any time by typing "Quit."

Think of an animal.
Is your animal a cat? Oh no. What was it? What is a yes/no question to tell a salmon from a cat? Thanks! Let's play again.
Think of an animal.
Does it live in water? Ok. Bye!
cat
salmon
Does it live in water?
