Hi, let's play the animal game. You can quit at any time by typing "Quit."

Think of an animal.
Is your animal a cat? Oh no. What was it? What is a yes/no question to tell a salmon from a cat? Thanks! Let's play again.
Think of an animal.
Does it live in water? Is your animal a salmon? Oh no. What was it? What is a yes/no question to tell a dolphin from a salmon? Thanks! Let's play again.
Think of an animal.
Does it live in water? Is it a mammal? Is your animal a dolphin? Ha! I win! Let's play again
Think of an animal.
Does it live in water? Is your animal a cat? Ok. Bye!
