Hi, let's play the animal game. You can quit at any time by typing "Quit."

Think of an animal.
Does it have Antenna? Ok. Bye!
